MPLINK 4.48, Linker
Linker Map File - Created Mon Aug 17 12:44:41 2015

                                 Section Info
                  Section       Type    Address   Location Size(Bytes)
                ---------  ---------  ---------  ---------  ---------
                   .org_0       code   0x000000    program   0x000000
                   .org_1       code   0x000000    program   0x000064



                              Program Memory Usage 
                               Start         End      
                           ---------   ---------      
                            0x000000    0x000031      
            50 out of 1093 program addresses used, program memory utilization is 4%



                              Symbols - Sorted by Name
                     Name    Address   Location    Storage File                     
                ---------  ---------  ---------  --------- ---------                
                 Delay10s   0x000005    program     static C:\Users\JAMES\Desktop\Robot\Robot.asm
                 Delay60s   0x000012    program     static C:\Users\JAMES\Desktop\Robot\Robot.asm
                     loop   0x000018    program     static C:\Users\JAMES\Desktop\Robot\Robot.asm
                    loop1   0x000007    program     static C:\Users\JAMES\Desktop\Robot\Robot.asm
                    loop2   0x000009    program     static C:\Users\JAMES\Desktop\Robot\Robot.asm
                    loop3   0x000016    program     static C:\Users\JAMES\Desktop\Robot\Robot.asm
                    loop4   0x000014    program     static C:\Users\JAMES\Desktop\Robot\Robot.asm
                    start   0x000023    program     static C:\Users\JAMES\Desktop\Robot\Robot.asm



                              Symbols - Sorted by Address
                     Name    Address   Location    Storage File                     
                ---------  ---------  ---------  --------- ---------                
                 Delay10s   0x000005    program     static C:\Users\JAMES\Desktop\Robot\Robot.asm
                    loop1   0x000007    program     static C:\Users\JAMES\Desktop\Robot\Robot.asm
                    loop2   0x000009    program     static C:\Users\JAMES\Desktop\Robot\Robot.asm
                 Delay60s   0x000012    program     static C:\Users\JAMES\Desktop\Robot\Robot.asm
                    loop4   0x000014    program     static C:\Users\JAMES\Desktop\Robot\Robot.asm
                    loop3   0x000016    program     static C:\Users\JAMES\Desktop\Robot\Robot.asm
                     loop   0x000018    program     static C:\Users\JAMES\Desktop\Robot\Robot.asm
                    start   0x000023    program     static C:\Users\JAMES\Desktop\Robot\Robot.asm


